// Jest Snapshot v1, https://goo.gl/fbAQLP

exports[`Button Component renders correctly with simple props: 1`] = `
<DocumentFragment>
  <button
    type="button"
  >
    Click me
  </button>
</DocumentFragment>
`;
