// Jest Snapshot v1, https://goo.gl/fbAQLP

exports[`Table Component renders Table correctly with props: 1`] = `
<DocumentFragment>
  <div
    class="flex flex-col"
  >
    <div
      class="-my-2 overflow-x-auto sm:-mx-6 lg:-mx-8"
    >
      <div
        class="inline-block min-w-full py-2 align-middle sm:px-6 lg:px-8"
      >
        <div
          class="overflow-hidden border-b border-gray-200 shadow sm:rounded-lg"
        >
          <div
            id="table-container"
          >
            <table
              class="min-w-full divide-y divide-neutral-400"
            >
              <thead
                class="bg-blue-500"
              >
                <tr>
                  <th
                    class="px-6 py-6 text-left text-sm font-medium tracking-wider text-white"
                  >
                    <div
                      class="flex items-center justify-between"
                    >
                      <span>
                        Username
                      </span>
                    </div>
                  </th>
                  <th
                    class="px-6 py-6 text-left text-sm font-medium tracking-wider text-white"
                  >
                    <div
                      class="flex items-center justify-between"
                    >
                      <span>
                        Name
                      </span>
                      <span>
                        <svg
                          class="hover:cursor-pointer"
                          fill="currentColor"
                          height="1em"
                          stroke="currentColor"
                          stroke-width="0"
                          viewBox="0 0 1024 1024"
                          width="1em"
                          xmlns="http://www.w3.org/2000/svg"
                        >
                          <path
                            d="M858.9 689L530.5 308.2c-9.4-10.9-27.5-10.9-37 0L165.1 689c-12.2 14.2-1.2 35 18.5 35h656.8c19.7 0 30.7-20.8 18.5-35z"
                          />
                        </svg>
                        <svg
                          class="hover:cursor-pointer"
                          fill="currentColor"
                          height="1em"
                          stroke="currentColor"
                          stroke-width="0"
                          viewBox="0 0 1024 1024"
                          width="1em"
                          xmlns="http://www.w3.org/2000/svg"
                        >
                          <path
                            d="M840.4 300H183.6c-19.7 0-30.7 20.8-18.5 35l328.4 380.8c9.4 10.9 27.5 10.9 37 0L858.9 335c12.2-14.2 1.2-35-18.5-35z"
                          />
                        </svg>
                      </span>
                    </div>
                  </th>
                  <th
                    class="px-6 py-6 text-left text-sm font-medium tracking-wider text-white"
                  >
                    <div
                      class="flex items-center justify-between"
                    >
                      <span>
                        Email
                      </span>
                      <span>
                        <svg
                          class="hover:cursor-pointer"
                          fill="currentColor"
                          height="1em"
                          stroke="currentColor"
                          stroke-width="0"
                          viewBox="0 0 1024 1024"
                          width="1em"
                          xmlns="http://www.w3.org/2000/svg"
                        >
                          <path
                            d="M858.9 689L530.5 308.2c-9.4-10.9-27.5-10.9-37 0L165.1 689c-12.2 14.2-1.2 35 18.5 35h656.8c19.7 0 30.7-20.8 18.5-35z"
                          />
                        </svg>
                        <svg
                          class="hover:cursor-pointer"
                          fill="currentColor"
                          height="1em"
                          stroke="currentColor"
                          stroke-width="0"
                          viewBox="0 0 1024 1024"
                          width="1em"
                          xmlns="http://www.w3.org/2000/svg"
                        >
                          <path
                            d="M840.4 300H183.6c-19.7 0-30.7 20.8-18.5 35l328.4 380.8c9.4 10.9 27.5 10.9 37 0L858.9 335c12.2-14.2 1.2-35-18.5-35z"
                          />
                        </svg>
                      </span>
                    </div>
                  </th>
                  <th
                    class="px-6 py-6 text-left text-sm font-medium tracking-wider text-white"
                  >
                    <div
                      class="flex items-center justify-between"
                    >
                      <span>
                        Gender
                      </span>
                      <span>
                        <svg
                          class="hover:cursor-pointer"
                          fill="currentColor"
                          height="1em"
                          stroke="currentColor"
                          stroke-width="0"
                          viewBox="0 0 1024 1024"
                          width="1em"
                          xmlns="http://www.w3.org/2000/svg"
                        >
                          <path
                            d="M858.9 689L530.5 308.2c-9.4-10.9-27.5-10.9-37 0L165.1 689c-12.2 14.2-1.2 35 18.5 35h656.8c19.7 0 30.7-20.8 18.5-35z"
                          />
                        </svg>
                        <svg
                          class="hover:cursor-pointer"
                          fill="currentColor"
                          height="1em"
                          stroke="currentColor"
                          stroke-width="0"
                          viewBox="0 0 1024 1024"
                          width="1em"
                          xmlns="http://www.w3.org/2000/svg"
                        >
                          <path
                            d="M840.4 300H183.6c-19.7 0-30.7 20.8-18.5 35l328.4 380.8c9.4 10.9 27.5 10.9 37 0L858.9 335c12.2-14.2 1.2-35-18.5-35z"
                          />
                        </svg>
                      </span>
                    </div>
                  </th>
                  <th
                    class="px-6 py-6 text-left text-sm font-medium tracking-wider text-white"
                  >
                    <div
                      class="flex items-center justify-between"
                    >
                      <span>
                        Registered Date
                      </span>
                      <span>
                        <svg
                          class="hover:cursor-pointer"
                          fill="currentColor"
                          height="1em"
                          stroke="currentColor"
                          stroke-width="0"
                          viewBox="0 0 1024 1024"
                          width="1em"
                          xmlns="http://www.w3.org/2000/svg"
                        >
                          <path
                            d="M858.9 689L530.5 308.2c-9.4-10.9-27.5-10.9-37 0L165.1 689c-12.2 14.2-1.2 35 18.5 35h656.8c19.7 0 30.7-20.8 18.5-35z"
                          />
                        </svg>
                        <svg
                          class="hover:cursor-pointer"
                          fill="currentColor"
                          height="1em"
                          stroke="currentColor"
                          stroke-width="0"
                          viewBox="0 0 1024 1024"
                          width="1em"
                          xmlns="http://www.w3.org/2000/svg"
                        >
                          <path
                            d="M840.4 300H183.6c-19.7 0-30.7 20.8-18.5 35l328.4 380.8c9.4 10.9 27.5 10.9 37 0L858.9 335c12.2-14.2 1.2-35-18.5-35z"
                          />
                        </svg>
                      </span>
                    </div>
                  </th>
                </tr>
              </thead>
              <tbody>
                <tr
                  class="bg-white hover:bg-cyan-100"
                >
                  <td
                    class="font-small whitespace-nowrap px-6 py-4 text-sm text-gray-500"
                  >
                    <div>
                      organicelephant410
                    </div>
                  </td>
                  <td
                    class="font-small whitespace-nowrap px-6 py-4 text-sm text-gray-500"
                  >
                    <div>
                      Hailey Taylor
                    </div>
                  </td>
                  <td
                    class="font-small whitespace-nowrap px-6 py-4 text-sm text-gray-500"
                  >
                    <div>
                      hailey.taylor@example.com
                    </div>
                  </td>
                  <td
                    class="font-small whitespace-nowrap px-6 py-4 text-sm text-gray-500"
                  >
                    <div>
                      female
                    </div>
                  </td>
                  <td
                    class="font-small whitespace-nowrap px-6 py-4 text-sm text-gray-500"
                  >
                    <div>
                      22-10-2003 11:59
                    </div>
                  </td>
                </tr>
                <tr
                  class="bg-cyan-50 hover:bg-cyan-100"
                >
                  <td
                    class="font-small whitespace-nowrap px-6 py-4 text-sm text-gray-500"
                  >
                    <div>
                      smallbear142
                    </div>
                  </td>
                  <td
                    class="font-small whitespace-nowrap px-6 py-4 text-sm text-gray-500"
                  >
                    <div>
                      Hector Bennett
                    </div>
                  </td>
                  <td
                    class="font-small whitespace-nowrap px-6 py-4 text-sm text-gray-500"
                  >
                    <div>
                      hector.bennett@example.com
                    </div>
                  </td>
                  <td
                    class="font-small whitespace-nowrap px-6 py-4 text-sm text-gray-500"
                  >
                    <div>
                      male
                    </div>
                  </td>
                  <td
                    class="font-small whitespace-nowrap px-6 py-4 text-sm text-gray-500"
                  >
                    <div>
                      02-03-2020 14:58
                    </div>
                  </td>
                </tr>
                <tr
                  class="bg-white hover:bg-cyan-100"
                >
                  <td
                    class="font-small whitespace-nowrap px-6 py-4 text-sm text-gray-500"
                  >
                    <div>
                      greenladybug666
                    </div>
                  </td>
                  <td
                    class="font-small whitespace-nowrap px-6 py-4 text-sm text-gray-500"
                  >
                    <div>
                      Dorian Girard
                    </div>
                  </td>
                  <td
                    class="font-small whitespace-nowrap px-6 py-4 text-sm text-gray-500"
                  >
                    <div>
                      dorian.girard@example.com
                    </div>
                  </td>
                  <td
                    class="font-small whitespace-nowrap px-6 py-4 text-sm text-gray-500"
                  >
                    <div>
                      male
                    </div>
                  </td>
                  <td
                    class="font-small whitespace-nowrap px-6 py-4 text-sm text-gray-500"
                  >
                    <div>
                      03-11-2006 15:07
                    </div>
                  </td>
                </tr>
                <tr
                  class="bg-cyan-50 hover:bg-cyan-100"
                >
                  <td
                    class="font-small whitespace-nowrap px-6 py-4 text-sm text-gray-500"
                  >
                    <div>
                      crazydog363
                    </div>
                  </td>
                  <td
                    class="font-small whitespace-nowrap px-6 py-4 text-sm text-gray-500"
                  >
                    <div>
                      Maxine Gonzales
                    </div>
                  </td>
                  <td
                    class="font-small whitespace-nowrap px-6 py-4 text-sm text-gray-500"
                  >
                    <div>
                      maxine.gonzales@example.com
                    </div>
                  </td>
                  <td
                    class="font-small whitespace-nowrap px-6 py-4 text-sm text-gray-500"
                  >
                    <div>
                      female
                    </div>
                  </td>
                  <td
                    class="font-small whitespace-nowrap px-6 py-4 text-sm text-gray-500"
                  >
                    <div>
                      10-01-2004 17:06
                    </div>
                  </td>
                </tr>
                <tr
                  class="bg-white hover:bg-cyan-100"
                >
                  <td
                    class="font-small whitespace-nowrap px-6 py-4 text-sm text-gray-500"
                  >
                    <div>
                      whitebird714
                    </div>
                  </td>
                  <td
                    class="font-small whitespace-nowrap px-6 py-4 text-sm text-gray-500"
                  >
                    <div>
                      Noe Roy
                    </div>
                  </td>
                  <td
                    class="font-small whitespace-nowrap px-6 py-4 text-sm text-gray-500"
                  >
                    <div>
                      noe.roy@example.com
                    </div>
                  </td>
                  <td
                    class="font-small whitespace-nowrap px-6 py-4 text-sm text-gray-500"
                  >
                    <div>
                      male
                    </div>
                  </td>
                  <td
                    class="font-small whitespace-nowrap px-6 py-4 text-sm text-gray-500"
                  >
                    <div>
                      12-04-2015 13:17
                    </div>
                  </td>
                </tr>
                <tr
                  class="bg-cyan-50 hover:bg-cyan-100"
                >
                  <td
                    class="font-small whitespace-nowrap px-6 py-4 text-sm text-gray-500"
                  >
                    <div>
                      whitefish690
                    </div>
                  </td>
                  <td
                    class="font-small whitespace-nowrap px-6 py-4 text-sm text-gray-500"
                  >
                    <div>
                      Lucy Russell
                    </div>
                  </td>
                  <td
                    class="font-small whitespace-nowrap px-6 py-4 text-sm text-gray-500"
                  >
                    <div>
                      lucy.russell@example.com
                    </div>
                  </td>
                  <td
                    class="font-small whitespace-nowrap px-6 py-4 text-sm text-gray-500"
                  >
                    <div>
                      female
                    </div>
                  </td>
                  <td
                    class="font-small whitespace-nowrap px-6 py-4 text-sm text-gray-500"
                  >
                    <div>
                      12-06-2015 06:35
                    </div>
                  </td>
                </tr>
                <tr
                  class="bg-white hover:bg-cyan-100"
                >
                  <td
                    class="font-small whitespace-nowrap px-6 py-4 text-sm text-gray-500"
                  >
                    <div>
                      redleopard421
                    </div>
                  </td>
                  <td
                    class="font-small whitespace-nowrap px-6 py-4 text-sm text-gray-500"
                  >
                    <div>
                      Shannon Taylor
                    </div>
                  </td>
                  <td
                    class="font-small whitespace-nowrap px-6 py-4 text-sm text-gray-500"
                  >
                    <div>
                      shannon.taylor@example.com
                    </div>
                  </td>
                  <td
                    class="font-small whitespace-nowrap px-6 py-4 text-sm text-gray-500"
                  >
                    <div>
                      female
                    </div>
                  </td>
                  <td
                    class="font-small whitespace-nowrap px-6 py-4 text-sm text-gray-500"
                  >
                    <div>
                      04-04-2021 09:35
                    </div>
                  </td>
                </tr>
                <tr
                  class="bg-cyan-50 hover:bg-cyan-100"
                >
                  <td
                    class="font-small whitespace-nowrap px-6 py-4 text-sm text-gray-500"
                  >
                    <div>
                      orangepanda607
                    </div>
                  </td>
                  <td
                    class="font-small whitespace-nowrap px-6 py-4 text-sm text-gray-500"
                  >
                    <div>
                      Enrique Robinson
                    </div>
                  </td>
                  <td
                    class="font-small whitespace-nowrap px-6 py-4 text-sm text-gray-500"
                  >
                    <div>
                      enrique.robinson@example.com
                    </div>
                  </td>
                  <td
                    class="font-small whitespace-nowrap px-6 py-4 text-sm text-gray-500"
                  >
                    <div>
                      male
                    </div>
                  </td>
                  <td
                    class="font-small whitespace-nowrap px-6 py-4 text-sm text-gray-500"
                  >
                    <div>
                      08-01-2017 16:07
                    </div>
                  </td>
                </tr>
                <tr
                  class="bg-white hover:bg-cyan-100"
                >
                  <td
                    class="font-small whitespace-nowrap px-6 py-4 text-sm text-gray-500"
                  >
                    <div>
                      blackbutterfly179
                    </div>
                  </td>
                  <td
                    class="font-small whitespace-nowrap px-6 py-4 text-sm text-gray-500"
                  >
                    <div>
                      Lily Rodriguez
                    </div>
                  </td>
                  <td
                    class="font-small whitespace-nowrap px-6 py-4 text-sm text-gray-500"
                  >
                    <div>
                      lily.rodriguez@example.com
                    </div>
                  </td>
                  <td
                    class="font-small whitespace-nowrap px-6 py-4 text-sm text-gray-500"
                  >
                    <div>
                      female
                    </div>
                  </td>
                  <td
                    class="font-small whitespace-nowrap px-6 py-4 text-sm text-gray-500"
                  >
                    <div>
                      06-09-2021 06:41
                    </div>
                  </td>
                </tr>
                <tr
                  class="bg-cyan-50 hover:bg-cyan-100"
                >
                  <td
                    class="font-small whitespace-nowrap px-6 py-4 text-sm text-gray-500"
                  >
                    <div>
                      tinygorilla272
                    </div>
                  </td>
                  <td
                    class="font-small whitespace-nowrap px-6 py-4 text-sm text-gray-500"
                  >
                    <div>
                      Titouan Vincent
                    </div>
                  </td>
                  <td
                    class="font-small whitespace-nowrap px-6 py-4 text-sm text-gray-500"
                  >
                    <div>
                      titouan.vincent@example.com
                    </div>
                  </td>
                  <td
                    class="font-small whitespace-nowrap px-6 py-4 text-sm text-gray-500"
                  >
                    <div>
                      male
                    </div>
                  </td>
                  <td
                    class="font-small whitespace-nowrap px-6 py-4 text-sm text-gray-500"
                  >
                    <div>
                      17-04-2008 14:18
                    </div>
                  </td>
                </tr>
              </tbody>
            </table>
          </div>
        </div>
      </div>
    </div>
    <div
      class="mt-4 flex justify-end"
    >
      <ul
        class="flex"
      >
        <li>
          <button
            class="inline-flex items-center rounded-l-md border border-gray-300 bg-white px-2 py-2 text-sm font-medium text-blue-500 hover:bg-blue-50"
            data-testid="prev-page-btn"
            style="font-size: 1.03rem;"
            type="button"
          >
            <svg
              fill="currentColor"
              height="1em"
              stroke="currentColor"
              stroke-width="0"
              viewBox="0 0 1024 1024"
              width="1em"
              xmlns="http://www.w3.org/2000/svg"
            >
              <path
                d="M724 218.3V141c0-6.7-7.7-10.4-12.9-6.3L260.3 486.8a31.86 31.86 0 0 0 0 50.3l450.8 352.1c5.3 4.1 12.9.4 12.9-6.3v-77.3c0-4.9-2.3-9.6-6.1-12.6l-360-281 360-281.1c3.8-3 6.1-7.7 6.1-12.6z"
              />
            </svg>
          </button>
        </li>
        <li>
          <button
            class="z-10 border-blue-500 bg-blue-100 text-blue-600 inline-flex items-center border px-4 py-1.5 text-sm font-medium"
            data-testid="page-1-btn"
            type="button"
          >
            1
          </button>
        </li>
        <li>
          <button
            class="border-gray-300 bg-white text-blue-500 hover:bg-blue-50 inline-flex items-center border px-4 py-1.5 text-sm font-medium"
            data-testid="page-2-btn"
            type="button"
          >
            2
          </button>
        </li>
        <li>
          <button
            class="border-gray-300 bg-white text-blue-500 hover:bg-blue-50 inline-flex items-center border px-4 py-1.5 text-sm font-medium"
            data-testid="page-3-btn"
            type="button"
          >
            3
          </button>
        </li>
        <li>
          <button
            class="border-gray-300 bg-white text-blue-500 hover:bg-blue-50 inline-flex items-center border px-4 py-1.5 text-sm font-medium"
            data-testid="page-4-btn"
            type="button"
          >
            4
          </button>
        </li>
        <li>
          <button
            class="border-gray-300 bg-white text-blue-500 hover:bg-blue-50 inline-flex items-center border px-4 py-1.5 text-sm font-medium"
            data-testid="page-5-btn"
            type="button"
          >
            5
          </button>
        </li>
        <li>
          <button
            class="inline-flex items-center rounded-r-md border border-gray-300 bg-white px-2 py-2 text-sm font-medium text-blue-500 hover:bg-blue-50"
            data-testid="next-page-btn"
            style="font-size: 1.03rem;"
            type="button"
          >
            <svg
              fill="currentColor"
              height="1em"
              stroke="currentColor"
              stroke-width="0"
              viewBox="0 0 1024 1024"
              width="1em"
              xmlns="http://www.w3.org/2000/svg"
            >
              <path
                d="M765.7 486.8L314.9 134.7A7.97 7.97 0 0 0 302 141v77.3c0 4.9 2.3 9.6 6.1 12.6l360 281.1-360 281.1c-3.9 3-6.1 7.7-6.1 12.6V883c0 6.7 7.7 10.4 12.9 6.3l450.8-352.1a31.96 31.96 0 0 0 0-50.4z"
              />
            </svg>
          </button>
        </li>
      </ul>
    </div>
  </div>
</DocumentFragment>
`;
